
> papershoot-mvp@1.0.0 test
> vitest run


[1m[30m[46m RUN [49m[39m[22m [36mv4.1.4 [39m[90mC:/Users/tatis/Repos/PaperShoot[39m

 [31m??[39m tests/simulation/createLaunchVector.test.ts [2m([22m[2m4 tests[22m[2m | [22m[31m3 failed[39m[2m)[22m[32m 23[2mms[22m[39m
[31m     [31m횞[31m maps yaw pitch and normalized power to launch vector[39m[32m 16[2mms[22m[39m
[31m     [31m횞[31m clamps power below range to minimum launch speed[39m[32m 2[2mms[22m[39m
[31m     [31m횞[31m clamps power above range to maximum launch speed[39m[32m 1[2mms[22m[39m
     [32m??[39m biases a strong drag throw toward forward travel[32m 1[2mms[22m[39m
 [32m??[39m tests/scenes/BootScene.test.ts [2m([22m[2m1 test[22m[2m)[22m[32m 130[2mms[22m[39m
 [31m??[39m tests/render/deskLayout.test.ts [2m([22m[2m2 tests[22m[2m | [22m[31m2 failed[39m[2m)[22m[32m 17[2mms[22m[39m
[31m     [31m횞[31m places paper near bottom and bin around mid-screen[39m[32m 10[2mms[22m[39m
[31m     [31m횞[31m places fan anchor in a side-lower zone[39m[32m 4[2mms[22m[39m
 [32m??[39m tests/hud/HudPresenter.commercial.test.ts [2m([22m[2m2 tests[22m[2m)[22m[32m 74[2mms[22m[39m
 [32m??[39m tests/hud/HudPresenter.test.ts [2m([22m[2m3 tests[22m[2m)[22m[32m 140[2mms[22m[39m
 [32m??[39m tests/app/createGameApp.test.ts [2m([22m[2m2 tests[22m[2m)[22m[32m 23[2mms[22m[39m
 [32m??[39m tests/scenes/StageScene.test.ts [2m([22m[2m4 tests[22m[2m)[22m[33m 568[2mms[22m[39m
     [33m[2m??[22m[39m renders quantitative wind text on the first frame [33m 456[2mms[22m[39m
 [31m??[39m tests/runtime/StageRuntime.commercialFeel.test.ts [2m([22m[2m2 tests[22m[2m | [22m[31m1 failed[39m[2m)[22m[32m 45[2mms[22m[39m
     [32m??[39m keeps a drag-release throw moving forward before it drops[32m 29[2mms[22m[39m
[31m     [31m횞[31m lets a full-screen upward drag reach the bin lane before dropping short[39m[32m 11[2mms[22m[39m
 [32m??[39m tests/render/cameraRig.test.ts [2m([22m[2m4 tests[22m[2m)[22m[32m 224[2mms[22m[39m
 [32m??[39m tests/render/StageRenderer.theme.test.ts [2m([22m[2m2 tests[22m[2m)[22m[32m 214[2mms[22m[39m
 [32m??[39m tests/runtime/StageRuntime.test.ts [2m([22m[2m9 tests[22m[2m)[22m[32m 33[2mms[22m[39m
 [32m??[39m tests/input/ThrowInputController.test.ts [2m([22m[2m4 tests[22m[2m)[22m[32m 12[2mms[22m[39m
 [32m??[39m tests/stages/stageCatalog.test.ts [2m([22m[2m4 tests[22m[2m)[22m[32m 10[2mms[22m[39m
 [32m??[39m tests/stages/resolveStageSelection.test.ts [2m([22m[2m7 tests[22m[2m)[22m[32m 10[2mms[22m[39m
 [32m??[39m tests/input/DragThrowController.test.ts [2m([22m[2m4 tests[22m[2m)[22m[32m 10[2mms[22m[39m
 [32m??[39m tests/scenes/stageInputPolicy.test.ts [2m([22m[2m7 tests[22m[2m)[22m[32m 9[2mms[22m[39m
 [32m??[39m tests/runtime/commercialIntegration.test.ts [2m([22m[2m1 test[22m[2m)[22m[32m 7[2mms[22m[39m
 [32m??[39m tests/assets/assetManifest.test.ts [2m([22m[2m5 tests[22m[2m)[22m[32m 13[2mms[22m[39m
 [32m??[39m tests/simulation/applyWindZone.test.ts [2m([22m[2m2 tests[22m[2m)[22m[32m 7[2mms[22m[39m
 [32m??[39m tests/collision/binStateMachine.test.ts [2m([22m[2m5 tests[22m[2m)[22m[32m 9[2mms[22m[39m
 [32m??[39m tests/assets/stageArtGeometry.test.ts [2m([22m[2m2 tests[22m[2m)[22m[32m 9[2mms[22m[39m
 [32m??[39m tests/obstacles/getObstacleWorldPose.test.ts [2m([22m[2m1 test[22m[2m)[22m[32m 6[2mms[22m[39m
 [32m??[39m tests/render/stageSpriteLayout.test.ts [2m([22m[2m5 tests[22m[2m)[22m[32m 8[2mms[22m[39m
 [32m??[39m tests/contracts/contracts.test.ts [2m([22m[2m1 test[22m[2m)[22m[32m 7[2mms[22m[39m
 [32m??[39m tests/simulation/advanceThrowStep.test.ts [2m([22m[2m2 tests[22m[2m)[22m[32m 5[2mms[22m[39m
 [32m??[39m tests/runtime/mvpContract.test.ts [2m([22m[2m1 test[22m[2m)[22m[32m 6[2mms[22m[39m
 [32m??[39m tests/stages/fullCatalog.test.ts [2m([22m[2m1 test[22m[2m)[22m[32m 6[2mms[22m[39m
 [32m??[39m tests/app/favicon.test.ts [2m([22m[2m2 tests[22m[2m)[22m[32m 6[2mms[22m[39m
 [32m??[39m tests/scoring/selectFailureReason.test.ts [2m([22m[2m1 test[22m[2m)[22m[32m 3[2mms[22m[39m
 [32m??[39m tests/collision/resolveObstacleCollision.test.ts [2m([22m[2m2 tests[22m[2m)[22m[32m 3[2mms[22m[39m
 [32m??[39m tests/contracts/commercialRedesignContract.test.ts [2m([22m[2m1 test[22m[2m)[22m[32m 3[2mms[22m[39m

[2m Test Files [22m [1m[31m3 failed[39m[22m[2m | [22m[1m[32m28 passed[39m[22m[90m (31)[39m
[2m      Tests [22m [1m[31m6 failed[39m[22m[2m | [22m[1m[32m87 passed[39m[22m[90m (93)[39m
[2m   Start at [22m 19:28:33
[2m   Duration [22m 8.41s[2m (transform 4.41s, setup 0ms, import 5.28s, tests 1.64s, environment 66.76s)[22m

